#-----------------------------------------------------------
# Vivado v2020.1 (64-bit)
# SW Build 2902540 on Wed May 27 19:54:35 MDT 2020
# IP Build 2902112 on Wed May 27 22:43:36 MDT 2020
# Start of session at: Wed Sep  2 10:26:54 2020
# Process ID: 73048
# Current directory: /media/tcmichals/Working/xilinx/CMODS7-25/github/CMODS7/axi_dma_stream_microblaze/vivado/axis_dma/axis_dma.runs/axis_dma_design_simple_mux_0_1_synth_1
# Command line: vivado -log axis_dma_design_simple_mux_0_1.vds -product Vivado -mode batch -messageDb vivado.pb -notrace -source axis_dma_design_simple_mux_0_1.tcl
# Log file: /media/tcmichals/Working/xilinx/CMODS7-25/github/CMODS7/axi_dma_stream_microblaze/vivado/axis_dma/axis_dma.runs/axis_dma_design_simple_mux_0_1_synth_1/axis_dma_design_simple_mux_0_1.vds
# Journal file: /media/tcmichals/Working/xilinx/CMODS7-25/github/CMODS7/axi_dma_stream_microblaze/vivado/axis_dma/axis_dma.runs/axis_dma_design_simple_mux_0_1_synth_1/vivado.jou
#-----------------------------------------------------------
source axis_dma_design_simple_mux_0_1.tcl -notrace
