09:26:25 **** Incremental Build of configuration Debug for project axis_dma_app ****
make all 
Building file: ../src/axis_dma/axis_dma_freertos.c
Invoking: MicroBlaze gcc compiler
mb-gcc -Wall -O0 -g3 -c -fmessage-length=0 -MT"src/axis_dma/axis_dma_freertos.o" -I/media/tcmichals/Working/xilinx/CMODS7-25/axistream/workspace/axis_freertos_platform/export/axis_freertos_platform/sw/axis_freertos_platform/freertos10_xilinx_domain/bspinclude/include -mlittle-endian -mxl-barrel-shift -mxl-pattern-compare -mno-xl-soft-div -mcpu=v11.0 -mno-xl-soft-mul -Wl,--no-relax -ffunction-sections -fdata-sections -MMD -MP -MF"src/axis_dma/axis_dma_freertos.d" -MT"src/axis_dma/axis_dma_freertos.o" -o "src/axis_dma/axis_dma_freertos.o" "../src/axis_dma/axis_dma_freertos.c"
Finished building: ../src/axis_dma/axis_dma_freertos.c
 
Building target: axis_dma_app.elf
Invoking: MicroBlaze gcc linker
mb-gcc -Wl,-T -Wl,../src/lscript.ld -L/media/tcmichals/Working/xilinx/CMODS7-25/axistream/workspace/axis_freertos_platform/export/axis_freertos_platform/sw/axis_freertos_platform/freertos10_xilinx_domain/bsplib/lib -mlittle-endian -mxl-barrel-shift -mxl-pattern-compare -mno-xl-soft-div -mcpu=v11.0 -mno-xl-soft-mul -Wl,--no-relax -Wl,--gc-sections -o "axis_dma_app.elf"  ./src/axis_dma/axis_dma_freertos.o  ./src/freertos_hello_world.o   -Wl,--start-group,-lxil,-lfreertos,-lgcc,-lc,--end-group
Finished building target: axis_dma_app.elf
 
Invoking: MicroBlaze Print Size
mb-size axis_dma_app.elf  |tee "axis_dma_app.elf.size"
   text	   data	    bss	    dec	    hex	filename
  39136	   4412	  71452	 115000	  1c138	axis_dma_app.elf
Finished building: axis_dma_app.elf.size
 

09:26:26 Build Finished (took 664ms)

