11:01:18 **** Incremental Build of configuration Release for project dma_axis_app ****
make all 
Building file: ../src/main.cpp
Invoking: MicroBlaze g++ compiler
mb-g++ -Wall -O2 -I"/media/tcmichals/Working/xilinx/CMODS7-25/axistream/workspace/dma_axis_app/src/axis_dma" -I"/media/tcmichals/Working/xilinx/CMODS7-25/axistream/workspace/dma_axis_app/src/delegate/include/delegate" -I"/media/tcmichals/Working/xilinx/CMODS7-25/axistream/workspace/dma_axis_app/src/protocol" -c -fmessage-length=0 -MT"src/main.o" -fno-exceptions -fno-rtti -std=c++2a -I/media/tcmichals/Working/xilinx/CMODS7-25/axistream/workspace/axis_freertos_platform/export/axis_freertos_platform/sw/axis_freertos_platform/freertos10_xilinx_domain/bspinclude/include -mlittle-endian -mxl-barrel-shift -mxl-pattern-compare -mno-xl-soft-div -mcpu=v11.0 -mno-xl-soft-mul -Wl,--no-relax -ffunction-sections -fdata-sections -MMD -MP -MF"src/main.d" -MT"src/main.o" -o "src/main.o" "../src/main.cpp"
Finished building: ../src/main.cpp
 
Building target: dma_axis_app.elf
Invoking: MicroBlaze g++ linker
mb-g++ -Wl,-T -Wl,../src/lscript.ld -L/media/tcmichals/Working/xilinx/CMODS7-25/axistream/workspace/axis_freertos_platform/export/axis_freertos_platform/sw/axis_freertos_platform/freertos10_xilinx_domain/bsplib/lib -mlittle-endian -mxl-barrel-shift -mxl-pattern-compare -mno-xl-soft-div -mcpu=v11.0 -mno-xl-soft-mul -Wl,--no-relax -Wl,--gc-sections -o "dma_axis_app.elf"  ./src/protocol/crc.o  ./src/axis_dma/axis_dma_freertos.o  ./src/main.o   -Wl,--start-group,-lxil,-lfreertos,-lgcc,-lc,-lstdc++,--end-group
Finished building target: dma_axis_app.elf
 
Invoking: MicroBlaze Print Size
mb-size dma_axis_app.elf  |tee "dma_axis_app.elf.size"
   text	   data	    bss	    dec	    hex	filename
  44284	   9612	  72960	 126856	  1ef88	dma_axis_app.elf
Finished building: dma_axis_app.elf.size
 
11:01:21 **** Incremental Build of configuration Release for project dma_axis_app_system ****
make all 
Skipping SD card image generation. Reason: The system project only has applications for microblaze processors.
