21:58:41 **** Incremental Build of configuration Debug for project axis_dma_example ****
make all 
Building target: axis_dma_example.elf
Invoking: MicroBlaze g++ linker
mb-g++ -Wl,-Map -Wl,file.map -Wl,-T -Wl,../src/lscript.ld -L/media/tcmichals/Working/xilinx/CMODS7-25/github/CMODS7/axi_dma_stream_microblaze/vitus/axis_freertos/export/axis_freertos/sw/axis_freertos/freertos10_xilinx_domain/bsplib/lib -mlittle-endian -mxl-barrel-shift -mxl-pattern-compare -mno-xl-soft-div -mcpu=v11.0 -mno-xl-soft-mul -Wl,--no-relax -Wl,--gc-sections -o "axis_dma_example.elf"  ./src/main.o   -Wl,--start-group,-lxil,-lfreertos,-lgcc,-lc,-lstdc++,--end-group
Finished building target: axis_dma_example.elf
 
Invoking: MicroBlaze Print Size
mb-size axis_dma_example.elf  |tee "axis_dma_example.elf.size"
   text	   data	    bss	    dec	    hex	filename
   8128	    388	   3428	  11944	   2ea8	axis_dma_example.elf
Finished building: axis_dma_example.elf.size
 

21:58:41 Build Finished (took 624ms)

