23:34:01 **** Incremental Build of configuration Debug for project axisDMA_App_FreeRTOS ****
make all 
Building file: ../src/freertos_hello_world.c
Invoking: MicroBlaze gcc compiler
mb-gcc -Wall -Os -g3 -c -fmessage-length=0 -MT"src/freertos_hello_world.o" -mxl-frequency -I/media/tcmichals/Working/xilinx/CMODS7-25/github/CMODS7/axi_dma_stream_microblaze/vitus/axisDMAPlatformFreeRTOS/export/axisDMAPlatformFreeRTOS/sw/axisDMAPlatformFreeRTOS/freertos10_xilinx_domain/bspinclude/include -mlittle-endian -mxl-barrel-shift -mxl-pattern-compare -mno-xl-soft-div -mcpu=v11.0 -mno-xl-soft-mul -Wl,--no-relax -ffunction-sections -fdata-sections -MMD -MP -MF"src/freertos_hello_world.d" -MT"src/freertos_hello_world.o" -o "src/freertos_hello_world.o" "../src/freertos_hello_world.c"
../src/freertos_hello_world.c: In function 'main':
../src/freertos_hello_world.c:42:19: warning: unused variable 'x10seconds' [-Wunused-variable]
   42 |  const TickType_t x10seconds = pdMS_TO_TICKS( DELAY_10_SECONDS );
      |                   ^~~~~~~~~~
../src/freertos_hello_world.c: In function 'prvTxTask':
../src/freertos_hello_world.c:81:22: warning: unused variable 'pPWM_3' [-Wunused-variable]
   81 |   volatile uint32_t *pPWM_3 = (volatile uint32_t *)(XPAR_PWM_CAPTURE_0_BASEADDR+0xc);
      |                      ^~~~~~
../src/freertos_hello_world.c:80:22: warning: unused variable 'pPWM_2' [-Wunused-variable]
   80 |   volatile uint32_t *pPWM_2 = (volatile uint32_t *)(XPAR_PWM_CAPTURE_0_BASEADDR+8);
      |                      ^~~~~~
../src/freertos_hello_world.c:79:22: warning: unused variable 'pPWM_1' [-Wunused-variable]
   79 |   volatile uint32_t *pPWM_1 = (volatile uint32_t *)(XPAR_PWM_CAPTURE_0_BASEADDR+4);
      |                      ^~~~~~
../src/freertos_hello_world.c: At top level:
../src/freertos_hello_world.c:31:13: warning: 'prvRxTask' declared 'static' but never defined [-Wunused-function]
   31 | static void prvRxTask( void *pvParameters );
      |             ^~~~~~~~~
../src/freertos_hello_world.c:32:13: warning: 'vTimerCallback' declared 'static' but never defined [-Wunused-function]
   32 | static void vTimerCallback( TimerHandle_t pxTimer );
      |             ^~~~~~~~~~~~~~
Finished building: ../src/freertos_hello_world.c
 
Building target: axisDMA_App_FreeRTOS.elf
Invoking: MicroBlaze gcc linker
mb-gcc -Xlinker -Map=file.map -Wl,-T -Wl,../src/lscript.ld -L/media/tcmichals/Working/xilinx/CMODS7-25/github/CMODS7/axi_dma_stream_microblaze/vitus/axisDMAPlatformFreeRTOS/export/axisDMAPlatformFreeRTOS/sw/axisDMAPlatformFreeRTOS/freertos10_xilinx_domain/bsplib/lib -mlittle-endian -mxl-barrel-shift -mxl-pattern-compare -mno-xl-soft-div -mcpu=v11.0 -mno-xl-soft-mul -Wl,--no-relax -Wl,--gc-sections -o "axisDMA_App_FreeRTOS.elf"  ./src/freertos_hello_world.o   -Wl,--start-group,-lxil,-lfreertos,-lgcc,-lc,--end-group
Finished building target: axisDMA_App_FreeRTOS.elf
 
Invoking: MicroBlaze Print Size
mb-size axisDMA_App_FreeRTOS.elf  |tee "axisDMA_App_FreeRTOS.elf.size"
   text	   data	    bss	    dec	    hex	filename
  25588	    408	  14196	  40192	   9d00	axisDMA_App_FreeRTOS.elf
Finished building: axisDMA_App_FreeRTOS.elf.size
 

23:34:01 Build Finished (took 675ms)

