
18:12:58 Build Finished (took 5s.626ms)

18:12:58 **** Clean-only build of configuration Release for project quadInterface ****
make clean 
rm -rf  ./src/protocol/crc.o  ./src/axis_dma/axis_dma_freertos.o  ./src/main.o  ./src/protocol/crc.d  ./src/axis_dma/axis_dma_freertos.d  ./src/main.d  quadInterface.elf.size  quadInterface.elf
 
18:12:58 **** Clean-only build of configuration Release for project quadInterface_system ****
make clean 
rm -rf ./_sds
rm -rf package
rm -f system.bif
18:12:59 **** Build of project axisDMAPlatform_FreeRTOS ****
buildplatform.sh 42761 axisDMAPlatform_FreeRTOS  
XSDB Server Channel: tcfchan#17
hw_proc_handle is microblaze_0
slave_ifs S00_AXI bus_name microblaze_0_M_AXI_DP
/home/tcmichals/hdisk/Xilinx/Vitis/2020.1/gnu/microblaze/lin
In start copy microblaze
INFO:[hsi-utils-101] "xprint_generated_header" tcl procedure is deprecated, use "hsi::utils::write_c_header " instead
INFO:[hsi-utils-101] "xget_interrupt_sources" tcl procedure is deprecated, use "hsi::utils::get_interrupt_sources microblaze_0" instead
INFO:[hsi-utils-101] "xget_name" tcl procedure is deprecated, use "hsi::utils::get_ip_param_name microblaze_0_axi_intc DEVICE_ID" instead
INFO:[hsi-utils-101] "xprint_generated_header" tcl procedure is deprecated, use "hsi::utils::write_c_header " instead
INFO:[hsi-utils-101] "xprint_generated_header" tcl procedure is deprecated, use "hsi::utils::write_c_header " instead
INFO:[hsi-utils-101] "get_ip_version" tcl procedure is deprecated, use "hsi::utils::get_ip_version microblaze_0" instead
Building the BSP Library for domain  - freertos10_xilinx_domain on processor microblaze_0
Running Make include in microblaze_0/libsrc/gpio_v4_6/src

make -C microblaze_0/libsrc/gpio_v4_6/src -s include  "SHELL=/bin/sh" "COMPILER=mb-gcc" "ASSEMBLER=mb-as" "ARCHIVER=mb-ar" "COM
PILER_FLAGS=  -O2 -c -mcpu=v11.0 -mlittle-endian -mno-xl-soft-div -mno-xl-soft-mul -mxl-barrel-shift -mxl-frequency -mxl-patter
n-compare" "EXTRA_COMPILER_FLAGS=-g -ffunction-sections -fdata-sections -Wall -Wextra"

Running Make include in microblaze_0/libsrc/axidma_v9_11/src

make -C microblaze_0/libsrc/axidma_v9_11/src -s include  "SHELL=/bin/sh" "COMPILER=mb-gcc" "ASSEMBLER=mb-as" "ARCHIVER=mb-ar" "
COMPILER_FLAGS=  -O2 -c -mcpu=v11.0 -mlittle-endian -mno-xl-soft-div -mno-xl-soft-mul -mxl-barrel-shift -mxl-frequency -mxl-pat
tern-compare" "EXTRA_COMPILER_FLAGS=-g -ffunction-sections -fdata-sections -Wall -Wextra"

Running Make include in microblaze_0/libsrc/tmrctr_v4_6/src

make -C microblaze_0/libsrc/tmrctr_v4_6/src -s include  "SHELL=/bin/sh" "COMPILER=mb-gcc" "ASSEMBLER=mb-as" "ARCHIVER=mb-ar" "C
OMPILER_FLAGS=  -O2 -c -mcpu=v11.0 -mlittle-endian -mno-xl-soft-div -mno-xl-soft-mul -mxl-barrel-shift -mxl-frequency -mxl-patt
ern-compare" "EXTRA_COMPILER_FLAGS=-g -ffunction-sections -fdata-sections -Wall -Wextra"

Running Make include in microblaze_0/libsrc/cpu_v2_11/src

make -C microblaze_0/libsrc/cpu_v2_11/src -s include  "SHELL=/bin/sh" "COMPILER=mb-gcc" "ASSEMBLER=mb-as" "ARCHIVER=mb-ar" "COM
PILER_FLAGS=  -O2 -c -mcpu=v11.0 -mlittle-endian -mno-xl-soft-div -mno-xl-soft-mul -mxl-barrel-shift -mxl-frequency -mxl-patter
n-compare" "EXTRA_COMPILER_FLAGS=-g -ffunction-sections -fdata-sections -Wall -Wextra"

Running Make include in microblaze_0/libsrc/intc_v3_11/src

make -C microblaze_0/libsrc/intc_v3_11/src -s include  "SHELL=/bin/sh" "COMPILER=mb-gcc" "ASSEMBLER=mb-as" "ARCHIVER=mb-ar" "CO
MPILER_FLAGS=  -O2 -c -mcpu=v11.0 -mlittle-endian -mno-xl-soft-div -mno-xl-soft-mul -mxl-barrel-shift -mxl-frequency -mxl-patte
rn-compare" "EXTRA_COMPILER_FLAGS=-g -ffunction-sections -fdata-sections -Wall -Wextra"

Running Make include in microblaze_0/libsrc/uartlite_v3_4/src

make -C microblaze_0/libsrc/uartlite_v3_4/src -s include  "SHELL=/bin/sh" "COMPILER=mb-gcc" "ASSEMBLER=mb-as" "ARCHIVER=mb-ar" 
"COMPILER_FLAGS=  -O2 -c -mcpu=v11.0 -mlittle-endian -mno-xl-soft-div -mno-xl-soft-mul -mxl-barrel-shift -mxl-frequency -mxl-pa
ttern-compare" "EXTRA_COMPILER_FLAGS=-g -ffunction-sections -fdata-sections -Wall -Wextra"

Running Make include in microblaze_0/libsrc/bram_v4_4/src

make -C microblaze_0/libsrc/bram_v4_4/src -s include  "SHELL=/bin/sh" "COMPILER=mb-gcc" "ASSEMBLER=mb-as" "ARCHIVER=mb-ar" "COM
PILER_FLAGS=  -O2 -c -mcpu=v11.0 -mlittle-endian -mno-xl-soft-div -mno-xl-soft-mul -mxl-barrel-shift -mxl-frequency -mxl-patter
n-compare" "EXTRA_COMPILER_FLAGS=-g -ffunction-sections -fdata-sections -Wall -Wextra"

Running Make include in microblaze_0/libsrc/freertos10_xilinx_v1_6/src

make -C microblaze_0/libsrc/freertos10_xilinx_v1_6/src -s include  "SHELL=/bin/sh" "COMPILER=mb-gcc" "ASSEMBLER=mb-as" "ARCHIVE
R=mb-ar" "COMPILER_FLAGS=  -O2 -c -mcpu=v11.0 -mlittle-endian -mno-xl-soft-div -mno-xl-soft-mul -mxl-barrel-shift -mxl-frequenc
y -mxl-pattern-compare" "EXTRA_COMPILER_FLAGS=-g -ffunction-sections -fdata-sections -Wall -Wextra"

include

Running Make libs in microblaze_0/libsrc/gpio_v4_6/src

make -C microblaze_0/libsrc/gpio_v4_6/src -s libs  "SHELL=/bin/sh" "COMPILER=mb-gcc" "ASSEMBLER=mb-as" "ARCHIVER=mb-ar" "COMPIL
ER_FLAGS=  -O2 -c -mcpu=v11.0 -mlittle-endian -mno-xl-soft-div -mno-xl-soft-mul -mxl-barrel-shift -mxl-frequency -mxl-pattern-c
ompare" "EXTRA_COMPILER_FLAGS=-g -ffunction-sections -fdata-sections -Wall -Wextra"

Compiling gpio

/home/tcmichals/hdisk/Xilinx/Vitis/2020.1/gnu/microblaze/lin/bin/../x86_64-oesdk-linux/usr/bin/microblaze-xilinx-elf/microblaze-xilinx-elf-ar.real: creating ../../../lib/libxil.a
Running Make libs in microblaze_0/libsrc/axidma_v9_11/src

make -C microblaze_0/libsrc/axidma_v9_11/src -s libs  "SHELL=/bin/sh" "COMPILER=mb-gcc" "ASSEMBLER=mb-as" "ARCHIVER=mb-ar" "COM
PILER_FLAGS=  -O2 -c -mcpu=v11.0 -mlittle-endian -mno-xl-soft-div -mno-xl-soft-mul -mxl-barrel-shift -mxl-frequency -mxl-patter
n-compare" "EXTRA_COMPILER_FLAGS=-g -ffunction-sections -fdata-sections -Wall -Wextra"

Compiling axidma

Running Make libs in microblaze_0/libsrc/tmrctr_v4_6/src

make -C microblaze_0/libsrc/tmrctr_v4_6/src -s libs  "SHELL=/bin/sh" "COMPILER=mb-gcc" "ASSEMBLER=mb-as" "ARCHIVER=mb-ar" "COMP
ILER_FLAGS=  -O2 -c -mcpu=v11.0 -mlittle-endian -mno-xl-soft-div -mno-xl-soft-mul -mxl-barrel-shift -mxl-frequency -mxl-pattern
-compare" "EXTRA_COMPILER_FLAGS=-g -ffunction-sections -fdata-sections -Wall -Wextra"

Compiling tmrctr

Running Make libs in microblaze_0/libsrc/cpu_v2_11/src

make -C microblaze_0/libsrc/cpu_v2_11/src -s libs  "SHELL=/bin/sh" "COMPILER=mb-gcc" "ASSEMBLER=mb-as" "ARCHIVER=mb-ar" "COMPIL
ER_FLAGS=  -O2 -c -mcpu=v11.0 -mlittle-endian -mno-xl-soft-div -mno-xl-soft-mul -mxl-barrel-shift -mxl-frequency -mxl-pattern-c
ompare" "EXTRA_COMPILER_FLAGS=-g -ffunction-sections -fdata-sections -Wall -Wextra"

Compiling cpu

Running Make libs in microblaze_0/libsrc/intc_v3_11/src

make -C microblaze_0/libsrc/intc_v3_11/src -s libs  "SHELL=/bin/sh" "COMPILER=mb-gcc" "ASSEMBLER=mb-as" "ARCHIVER=mb-ar" "COMPI
LER_FLAGS=  -O2 -c -mcpu=v11.0 -mlittle-endian -mno-xl-soft-div -mno-xl-soft-mul -mxl-barrel-shift -mxl-frequency -mxl-pattern-
compare" "EXTRA_COMPILER_FLAGS=-g -ffunction-sections -fdata-sections -Wall -Wextra"

Compiling intc

Running Make libs in microblaze_0/libsrc/uartlite_v3_4/src

make -C microblaze_0/libsrc/uartlite_v3_4/src -s libs  "SHELL=/bin/sh" "COMPILER=mb-gcc" "ASSEMBLER=mb-as" "ARCHIVER=mb-ar" "CO
MPILER_FLAGS=  -O2 -c -mcpu=v11.0 -mlittle-endian -mno-xl-soft-div -mno-xl-soft-mul -mxl-barrel-shift -mxl-frequency -mxl-patte
rn-compare" "EXTRA_COMPILER_FLAGS=-g -ffunction-sections -fdata-sections -Wall -Wextra"

Compiling uartlite

Running Make libs in microblaze_0/libsrc/bram_v4_4/src

make -C microblaze_0/libsrc/bram_v4_4/src -s libs  "SHELL=/bin/sh" "COMPILER=mb-gcc" "ASSEMBLER=mb-as" "ARCHIVER=mb-ar" "COMPIL
ER_FLAGS=  -O2 -c -mcpu=v11.0 -mlittle-endian -mno-xl-soft-div -mno-xl-soft-mul -mxl-barrel-shift -mxl-frequency -mxl-pattern-c
ompare" "EXTRA_COMPILER_FLAGS=-g -ffunction-sections -fdata-sections -Wall -Wextra"

Compiling bram

Running Make libs in microblaze_0/libsrc/freertos10_xilinx_v1_6/src

make -C microblaze_0/libsrc/freertos10_xilinx_v1_6/src -s libs  "SHELL=/bin/sh" "COMPILER=mb-gcc" "ASSEMBLER=mb-as" "ARCHIVER=m
b-ar" "COMPILER_FLAGS=  -O2 -c -mcpu=v11.0 -mlittle-endian -mno-xl-soft-div -mno-xl-soft-mul -mxl-barrel-shift -mxl-frequency -
mxl-pattern-compare" "EXTRA_COMPILER_FLAGS=-g -ffunction-sections -fdata-sections -Wall -Wextra"

Compiling standalone

microblaze_sleep.c:55:9: note: #pragma message: For the sleep routines, assembly instructions are used
   55 | #pragma message ("For the sleep routines, assembly instructions are used")
      |         ^~~~~~~
Compiling FreeRTOS

/home/tcmichals/hdisk/Xilinx/Vitis/2020.1/gnu/microblaze/lin/bin/../x86_64-oesdk-linux/usr/bin/microblaze-xilinx-elf/microblaze-xilinx-elf-ar.real: creating ../../../lib/libfreertos.a
Finished building libraries

18:13:10 **** Build of configuration Release for project quadInterface ****
make all 
Building file: ../src/protocol/crc.c
Invoking: MicroBlaze g++ compiler
mb-g++ -Wall -Os -I"/media/tcmichals/Working/xilinx/CMODS7-25/github/CMODS7/axi_dma_stream_microblaze/vitis/quadInterface/src/delegate/include/delegate" -I"/media/tcmichals/Working/xilinx/CMODS7-25/github/CMODS7/axi_dma_stream_microblaze/vitis/quadInterface/src/protocol" -c -fmessage-length=0 -MT"src/protocol/crc.o" -mxl-frequency -std=gnu++2a -fno-exceptions -fno-non-call-exceptions -fno-rtti -I/media/tcmichals/Working/xilinx/CMODS7-25/github/CMODS7/axi_dma_stream_microblaze/vitis/axisDMAPlatform_FreeRTOS/export/axisDMAPlatform_FreeRTOS/sw/axisDMAPlatform_FreeRTOS/freertos10_xilinx_domain/bspinclude/include -mlittle-endian -mxl-barrel-shift -mxl-pattern-compare -mno-xl-soft-div -mcpu=v11.0 -mno-xl-soft-mul -Wl,--no-relax -ffunction-sections -fdata-sections -MMD -MP -MF"src/protocol/crc.d" -MT"src/protocol/crc.o" -o "src/protocol/crc.o" "../src/protocol/crc.c"
../src/protocol/crc.c:57:1: warning: 'long unsigned int reflect(long unsigned int, unsigned char)' defined but not used [-Wunused-function]
   57 | reflect(unsigned long data, unsigned char nBits)
      | ^~~~~~~
Finished building: ../src/protocol/crc.c
 
Building file: ../src/axis_dma/axis_dma_freertos.cpp
Invoking: MicroBlaze g++ compiler
mb-g++ -Wall -Os -I"/media/tcmichals/Working/xilinx/CMODS7-25/github/CMODS7/axi_dma_stream_microblaze/vitis/quadInterface/src/delegate/include/delegate" -I"/media/tcmichals/Working/xilinx/CMODS7-25/github/CMODS7/axi_dma_stream_microblaze/vitis/quadInterface/src/protocol" -c -fmessage-length=0 -MT"src/axis_dma/axis_dma_freertos.o" -mxl-frequency -std=gnu++2a -fno-exceptions -fno-non-call-exceptions -fno-rtti -I/media/tcmichals/Working/xilinx/CMODS7-25/github/CMODS7/axi_dma_stream_microblaze/vitis/axisDMAPlatform_FreeRTOS/export/axisDMAPlatform_FreeRTOS/sw/axisDMAPlatform_FreeRTOS/freertos10_xilinx_domain/bspinclude/include -mlittle-endian -mxl-barrel-shift -mxl-pattern-compare -mno-xl-soft-div -mcpu=v11.0 -mno-xl-soft-mul -Wl,--no-relax -ffunction-sections -fdata-sections -MMD -MP -MF"src/axis_dma/axis_dma_freertos.d" -MT"src/axis_dma/axis_dma_freertos.o" -o "src/axis_dma/axis_dma_freertos.o" "../src/axis_dma/axis_dma_freertos.cpp"
Finished building: ../src/axis_dma/axis_dma_freertos.cpp
 
Building file: ../src/main.cpp
Invoking: MicroBlaze g++ compiler
mb-g++ -Wall -Os -I"/media/tcmichals/Working/xilinx/CMODS7-25/github/CMODS7/axi_dma_stream_microblaze/vitis/quadInterface/src/delegate/include/delegate" -I"/media/tcmichals/Working/xilinx/CMODS7-25/github/CMODS7/axi_dma_stream_microblaze/vitis/quadInterface/src/protocol" -c -fmessage-length=0 -MT"src/main.o" -mxl-frequency -std=gnu++2a -fno-exceptions -fno-non-call-exceptions -fno-rtti -I/media/tcmichals/Working/xilinx/CMODS7-25/github/CMODS7/axi_dma_stream_microblaze/vitis/axisDMAPlatform_FreeRTOS/export/axisDMAPlatform_FreeRTOS/sw/axisDMAPlatform_FreeRTOS/freertos10_xilinx_domain/bspinclude/include -mlittle-endian -mxl-barrel-shift -mxl-pattern-compare -mno-xl-soft-div -mcpu=v11.0 -mno-xl-soft-mul -Wl,--no-relax -ffunction-sections -fdata-sections -MMD -MP -MF"src/main.d" -MT"src/main.o" -o "src/main.o" "../src/main.cpp"
../src/main.cpp:277:13: warning: 'void vTimerCallback(TimerHandle_t)' defined but not used [-Wunused-function]
  277 | static void vTimerCallback( TimerHandle_t pxTimer )
      |             ^~~~~~~~~~~~~~
../src/main.cpp:247:13: warning: 'void prvTxTask(void*)' defined but not used [-Wunused-function]
  247 | static void prvTxTask( void *pvParameters )
      |             ^~~~~~~~~
../src/main.cpp:50:22: warning: 'xTimer' defined but not used [-Wunused-variable]
   50 | static TimerHandle_t xTimer = NULL;
      |                      ^~~~~~
../src/main.cpp:49:22: warning: 'xQueue' defined but not used [-Wunused-variable]
   49 | static QueueHandle_t xQueue = NULL;
      |                      ^~~~~~
../src/main.cpp:47:21: warning: 'xTxTask' defined but not used [-Wunused-variable]
   47 | static TaskHandle_t xTxTask;
      |                     ^~~~~~~
Finished building: ../src/main.cpp
 
Building target: quadInterface.elf
Invoking: MicroBlaze g++ linker
mb-g++ -Wl,-T -Wl,../src/lscript.ld -L/media/tcmichals/Working/xilinx/CMODS7-25/github/CMODS7/axi_dma_stream_microblaze/vitis/axisDMAPlatform_FreeRTOS/export/axisDMAPlatform_FreeRTOS/sw/axisDMAPlatform_FreeRTOS/freertos10_xilinx_domain/bsplib/lib -mlittle-endian -mxl-barrel-shift -mxl-pattern-compare -mno-xl-soft-div -mcpu=v11.0 -mno-xl-soft-mul -Wl,--no-relax -Wl,--gc-sections -o "quadInterface.elf"  ./src/protocol/crc.o  ./src/axis_dma/axis_dma_freertos.o  ./src/main.o   -Wl,--start-group,-lxil,-lfreertos,-lgcc,-lc,-lstdc++,--end-group
Finished building target: quadInterface.elf
 
Invoking: MicroBlaze Print Size
mb-size quadInterface.elf  |tee "quadInterface.elf.size"
   text	   data	    bss	    dec	    hex	filename
  44612	  12092	  73000	 129704	  1faa8	quadInterface.elf
Finished building: quadInterface.elf.size
 
18:13:13 **** Build of configuration Release for project quadInterface_system ****
make all 
Skipping SD card image generation. Reason: The system project only has applications for microblaze processors.
