18:13:10 **** Build of configuration Release for project quadInterface ****
make all 
Building file: ../src/protocol/crc.c
Invoking: MicroBlaze g++ compiler
mb-g++ -Wall -Os -I"/media/tcmichals/Working/xilinx/CMODS7-25/github/CMODS7/axi_dma_stream_microblaze/vitis/quadInterface/src/delegate/include/delegate" -I"/media/tcmichals/Working/xilinx/CMODS7-25/github/CMODS7/axi_dma_stream_microblaze/vitis/quadInterface/src/protocol" -c -fmessage-length=0 -MT"src/protocol/crc.o" -mxl-frequency -std=gnu++2a -fno-exceptions -fno-non-call-exceptions -fno-rtti -I/media/tcmichals/Working/xilinx/CMODS7-25/github/CMODS7/axi_dma_stream_microblaze/vitis/axisDMAPlatform_FreeRTOS/export/axisDMAPlatform_FreeRTOS/sw/axisDMAPlatform_FreeRTOS/freertos10_xilinx_domain/bspinclude/include -mlittle-endian -mxl-barrel-shift -mxl-pattern-compare -mno-xl-soft-div -mcpu=v11.0 -mno-xl-soft-mul -Wl,--no-relax -ffunction-sections -fdata-sections -MMD -MP -MF"src/protocol/crc.d" -MT"src/protocol/crc.o" -o "src/protocol/crc.o" "../src/protocol/crc.c"
../src/protocol/crc.c:57:1: warning: 'long unsigned int reflect(long unsigned int, unsigned char)' defined but not used [-Wunused-function]
   57 | reflect(unsigned long data, unsigned char nBits)
      | ^~~~~~~
Finished building: ../src/protocol/crc.c
 
Building file: ../src/axis_dma/axis_dma_freertos.cpp
Invoking: MicroBlaze g++ compiler
mb-g++ -Wall -Os -I"/media/tcmichals/Working/xilinx/CMODS7-25/github/CMODS7/axi_dma_stream_microblaze/vitis/quadInterface/src/delegate/include/delegate" -I"/media/tcmichals/Working/xilinx/CMODS7-25/github/CMODS7/axi_dma_stream_microblaze/vitis/quadInterface/src/protocol" -c -fmessage-length=0 -MT"src/axis_dma/axis_dma_freertos.o" -mxl-frequency -std=gnu++2a -fno-exceptions -fno-non-call-exceptions -fno-rtti -I/media/tcmichals/Working/xilinx/CMODS7-25/github/CMODS7/axi_dma_stream_microblaze/vitis/axisDMAPlatform_FreeRTOS/export/axisDMAPlatform_FreeRTOS/sw/axisDMAPlatform_FreeRTOS/freertos10_xilinx_domain/bspinclude/include -mlittle-endian -mxl-barrel-shift -mxl-pattern-compare -mno-xl-soft-div -mcpu=v11.0 -mno-xl-soft-mul -Wl,--no-relax -ffunction-sections -fdata-sections -MMD -MP -MF"src/axis_dma/axis_dma_freertos.d" -MT"src/axis_dma/axis_dma_freertos.o" -o "src/axis_dma/axis_dma_freertos.o" "../src/axis_dma/axis_dma_freertos.cpp"
Finished building: ../src/axis_dma/axis_dma_freertos.cpp
 
Building file: ../src/main.cpp
Invoking: MicroBlaze g++ compiler
mb-g++ -Wall -Os -I"/media/tcmichals/Working/xilinx/CMODS7-25/github/CMODS7/axi_dma_stream_microblaze/vitis/quadInterface/src/delegate/include/delegate" -I"/media/tcmichals/Working/xilinx/CMODS7-25/github/CMODS7/axi_dma_stream_microblaze/vitis/quadInterface/src/protocol" -c -fmessage-length=0 -MT"src/main.o" -mxl-frequency -std=gnu++2a -fno-exceptions -fno-non-call-exceptions -fno-rtti -I/media/tcmichals/Working/xilinx/CMODS7-25/github/CMODS7/axi_dma_stream_microblaze/vitis/axisDMAPlatform_FreeRTOS/export/axisDMAPlatform_FreeRTOS/sw/axisDMAPlatform_FreeRTOS/freertos10_xilinx_domain/bspinclude/include -mlittle-endian -mxl-barrel-shift -mxl-pattern-compare -mno-xl-soft-div -mcpu=v11.0 -mno-xl-soft-mul -Wl,--no-relax -ffunction-sections -fdata-sections -MMD -MP -MF"src/main.d" -MT"src/main.o" -o "src/main.o" "../src/main.cpp"
../src/main.cpp:277:13: warning: 'void vTimerCallback(TimerHandle_t)' defined but not used [-Wunused-function]
  277 | static void vTimerCallback( TimerHandle_t pxTimer )
      |             ^~~~~~~~~~~~~~
../src/main.cpp:247:13: warning: 'void prvTxTask(void*)' defined but not used [-Wunused-function]
  247 | static void prvTxTask( void *pvParameters )
      |             ^~~~~~~~~
../src/main.cpp:50:22: warning: 'xTimer' defined but not used [-Wunused-variable]
   50 | static TimerHandle_t xTimer = NULL;
      |                      ^~~~~~
../src/main.cpp:49:22: warning: 'xQueue' defined but not used [-Wunused-variable]
   49 | static QueueHandle_t xQueue = NULL;
      |                      ^~~~~~
../src/main.cpp:47:21: warning: 'xTxTask' defined but not used [-Wunused-variable]
   47 | static TaskHandle_t xTxTask;
      |                     ^~~~~~~
Finished building: ../src/main.cpp
 
Building target: quadInterface.elf
Invoking: MicroBlaze g++ linker
mb-g++ -Wl,-T -Wl,../src/lscript.ld -L/media/tcmichals/Working/xilinx/CMODS7-25/github/CMODS7/axi_dma_stream_microblaze/vitis/axisDMAPlatform_FreeRTOS/export/axisDMAPlatform_FreeRTOS/sw/axisDMAPlatform_FreeRTOS/freertos10_xilinx_domain/bsplib/lib -mlittle-endian -mxl-barrel-shift -mxl-pattern-compare -mno-xl-soft-div -mcpu=v11.0 -mno-xl-soft-mul -Wl,--no-relax -Wl,--gc-sections -o "quadInterface.elf"  ./src/protocol/crc.o  ./src/axis_dma/axis_dma_freertos.o  ./src/main.o   -Wl,--start-group,-lxil,-lfreertos,-lgcc,-lc,-lstdc++,--end-group
Finished building target: quadInterface.elf
 
Invoking: MicroBlaze Print Size
mb-size quadInterface.elf  |tee "quadInterface.elf.size"
   text	   data	    bss	    dec	    hex	filename
  44612	  12092	  73000	 129704	  1faa8	quadInterface.elf
Finished building: quadInterface.elf.size
 

18:13:12 Build Finished (took 1s.722ms)

