08:54:54 **** Build of configuration Release for project quadcopterHWInterface ****
make all 
Building file: ../src/protocol/crc.c
Invoking: MicroBlaze g++ compiler
mb-g++ -Wall -O2 -I"/media/tcmichals/Working/xilinx/CMODS7-25/github/CMODS7/axi_dma_stream_microblaze/vitis/quadcopterHWInterface/src/protocol" -I"/media/tcmichals/Working/xilinx/CMODS7-25/github/CMODS7/axi_dma_stream_microblaze/vitis/quadcopterHWInterface/src/pwmDecode" -I"/media/tcmichals/Working/xilinx/CMODS7-25/github/CMODS7/axi_dma_stream_microblaze/vitis/quadcopterHWInterface/src/dshot" -I"/media/tcmichals/Working/xilinx/CMODS7-25/github/CMODS7/axi_dma_stream_microblaze/vitis/quadcopterHWInterface/src/delegate/include/delegate" -c -fmessage-length=0 -MT"src/protocol/crc.o" -mxl-frequency  -fno-exceptions  -fno-non-call-exceptions -fno-rtti -std=c++2a -I/media/tcmichals/Working/xilinx/CMODS7-25/github/CMODS7/axi_dma_stream_microblaze/vitis/freeRTOS_Platform/export/freeRTOS_Platform/sw/freeRTOS_Platform/freertos10_xilinx_domain/bspinclude/include -mlittle-endian -mxl-barrel-shift -mxl-pattern-compare -mno-xl-soft-div -mcpu=v11.0 -mno-xl-soft-mul -Wl,--no-relax -ffunction-sections -fdata-sections -MMD -MP -MF"src/protocol/crc.d" -MT"src/protocol/crc.o" -o "src/protocol/crc.o" "../src/protocol/crc.c"
../src/protocol/crc.c:57:1: warning: 'long unsigned int reflect(long unsigned int, unsigned char)' defined but not used [-Wunused-function]
   57 | reflect(unsigned long data, unsigned char nBits)
      | ^~~~~~~
Finished building: ../src/protocol/crc.c
 
Building file: ../src/axis_dma/axis_dma_freertos.cpp
Invoking: MicroBlaze g++ compiler
mb-g++ -Wall -O2 -I"/media/tcmichals/Working/xilinx/CMODS7-25/github/CMODS7/axi_dma_stream_microblaze/vitis/quadcopterHWInterface/src/protocol" -I"/media/tcmichals/Working/xilinx/CMODS7-25/github/CMODS7/axi_dma_stream_microblaze/vitis/quadcopterHWInterface/src/pwmDecode" -I"/media/tcmichals/Working/xilinx/CMODS7-25/github/CMODS7/axi_dma_stream_microblaze/vitis/quadcopterHWInterface/src/dshot" -I"/media/tcmichals/Working/xilinx/CMODS7-25/github/CMODS7/axi_dma_stream_microblaze/vitis/quadcopterHWInterface/src/delegate/include/delegate" -c -fmessage-length=0 -MT"src/axis_dma/axis_dma_freertos.o" -mxl-frequency  -fno-exceptions  -fno-non-call-exceptions -fno-rtti -std=c++2a -I/media/tcmichals/Working/xilinx/CMODS7-25/github/CMODS7/axi_dma_stream_microblaze/vitis/freeRTOS_Platform/export/freeRTOS_Platform/sw/freeRTOS_Platform/freertos10_xilinx_domain/bspinclude/include -mlittle-endian -mxl-barrel-shift -mxl-pattern-compare -mno-xl-soft-div -mcpu=v11.0 -mno-xl-soft-mul -Wl,--no-relax -ffunction-sections -fdata-sections -MMD -MP -MF"src/axis_dma/axis_dma_freertos.d" -MT"src/axis_dma/axis_dma_freertos.o" -o "src/axis_dma/axis_dma_freertos.o" "../src/axis_dma/axis_dma_freertos.cpp"
Finished building: ../src/axis_dma/axis_dma_freertos.cpp
 
Building file: ../src/main.cpp
Invoking: MicroBlaze g++ compiler
mb-g++ -Wall -O2 -I"/media/tcmichals/Working/xilinx/CMODS7-25/github/CMODS7/axi_dma_stream_microblaze/vitis/quadcopterHWInterface/src/protocol" -I"/media/tcmichals/Working/xilinx/CMODS7-25/github/CMODS7/axi_dma_stream_microblaze/vitis/quadcopterHWInterface/src/pwmDecode" -I"/media/tcmichals/Working/xilinx/CMODS7-25/github/CMODS7/axi_dma_stream_microblaze/vitis/quadcopterHWInterface/src/dshot" -I"/media/tcmichals/Working/xilinx/CMODS7-25/github/CMODS7/axi_dma_stream_microblaze/vitis/quadcopterHWInterface/src/delegate/include/delegate" -c -fmessage-length=0 -MT"src/main.o" -mxl-frequency  -fno-exceptions  -fno-non-call-exceptions -fno-rtti -std=c++2a -I/media/tcmichals/Working/xilinx/CMODS7-25/github/CMODS7/axi_dma_stream_microblaze/vitis/freeRTOS_Platform/export/freeRTOS_Platform/sw/freeRTOS_Platform/freertos10_xilinx_domain/bspinclude/include -mlittle-endian -mxl-barrel-shift -mxl-pattern-compare -mno-xl-soft-div -mcpu=v11.0 -mno-xl-soft-mul -Wl,--no-relax -ffunction-sections -fdata-sections -MMD -MP -MF"src/main.d" -MT"src/main.o" -o "src/main.o" "../src/main.cpp"
Finished building: ../src/main.cpp
 
Building target: quadcopterHWInterface.elf
Invoking: MicroBlaze g++ linker
mb-g++ -Wl,-T -Wl,../src/lscript.ld -L/media/tcmichals/Working/xilinx/CMODS7-25/github/CMODS7/axi_dma_stream_microblaze/vitis/freeRTOS_Platform/export/freeRTOS_Platform/sw/freeRTOS_Platform/freertos10_xilinx_domain/bsplib/lib -mlittle-endian -mxl-barrel-shift -mxl-pattern-compare -mno-xl-soft-div -mcpu=v11.0 -mno-xl-soft-mul -Wl,--no-relax -Wl,--gc-sections -o "quadcopterHWInterface.elf"  ./src/protocol/crc.o  ./src/axis_dma/axis_dma_freertos.o  ./src/main.o   -Wl,--start-group,-lxil,-lfreertos,-lgcc,-lc,-lstdc++,--end-group
Finished building target: quadcopterHWInterface.elf
 
Invoking: MicroBlaze Print Size
mb-size quadcopterHWInterface.elf  |tee "quadcopterHWInterface.elf.size"
   text	   data	    bss	    dec	    hex	filename
  48052	  14140	  27528	  89720	  15e78	quadcopterHWInterface.elf
Finished building: quadcopterHWInterface.elf.size
 

08:54:55 Build Finished (took 1s.324ms)

