#-----------------------------------------------------------
# Vivado v2020.1 (64-bit)
# SW Build 2902540 on Wed May 27 19:54:35 MDT 2020
# IP Build 2902112 on Wed May 27 22:43:36 MDT 2020
# Start of session at: Fri Aug 14 13:40:51 2020
# Process ID: 83199
# Current directory: /media/tcmichals/Working/xilinx/CMODS7-25/github/CMODS7/hacksterio_axi_stream_microblaze/vivado/axis_dma_microblaze/axis_dma_microblaze.runs/design_1_dlmb_v10_0_synth_1
# Command line: vivado -log design_1_dlmb_v10_0.vds -product Vivado -mode batch -messageDb vivado.pb -notrace -source design_1_dlmb_v10_0.tcl
# Log file: /media/tcmichals/Working/xilinx/CMODS7-25/github/CMODS7/hacksterio_axi_stream_microblaze/vivado/axis_dma_microblaze/axis_dma_microblaze.runs/design_1_dlmb_v10_0_synth_1/design_1_dlmb_v10_0.vds
# Journal file: /media/tcmichals/Working/xilinx/CMODS7-25/github/CMODS7/hacksterio_axi_stream_microblaze/vivado/axis_dma_microblaze/axis_dma_microblaze.runs/design_1_dlmb_v10_0_synth_1/vivado.jou
#-----------------------------------------------------------
source design_1_dlmb_v10_0.tcl -notrace
